[backblue.gif]
[fade.gif]
[index.html]
[stability.dan-fisher.dev/vendor/circliful/css/jquery.circliful.css]
[stability.dan-fisher.dev/css/custom.css]
[stability.dan-fisher.dev/vendor/modernizr.js]
[stability.dan-fisher.dev/images/favicon.ico]
[stability.dan-fisher.dev/images/apple-touch-icon.png]
[stability.dan-fisher.dev/images/apple-touch-icon-72x72.png]
[stability.dan-fisher.dev/images/apple-touch-icon-114x114.png]
[stability.dan-fisher.dev/images/apple-touch-icon-144x144.png]
[stability.dan-fisher.dev/images/logo.png]
[stability.dan-fisher.dev/images/samples/slide-bg.jpg]
[stability.dan-fisher.dev/images/samples/iphone6.png]
[stability.dan-fisher.dev/images/samples/img1-320x320.jpg]
[stability.dan-fisher.dev/images/samples/blog-img1.jpg]
[stability.dan-fisher.dev/images/samples/img2-320x320.jpg]
[stability.dan-fisher.dev/images/samples/blog-img2.jpg]
[stability.dan-fisher.dev/images/samples/img3-320x320.jpg]
[stability.dan-fisher.dev/images/samples/blog-img3.jpg]
[stability.dan-fisher.dev/images/samples/img4-320x320.jpg]
[stability.dan-fisher.dev/images/samples/blog-img4.jpg]
[stability.dan-fisher.dev/images/samples/img5-320x320.jpg]
[stability.dan-fisher.dev/images/samples/client-logo1.png]
[stability.dan-fisher.dev/images/samples/client-logo2.png]
[stability.dan-fisher.dev/images/samples/client-logo3.png]
[stability.dan-fisher.dev/images/samples/client-logo4.png]
[stability.dan-fisher.dev/images/samples/post-img-sm1.jpg]
[stability.dan-fisher.dev/images/samples/post-img-sm2.jpg]
[stability.dan-fisher.dev/images/samples/post-img-sm3.jpg]
[stability.dan-fisher.dev/vendor/jquery-1.11.0.min.js]
[stability.dan-fisher.dev/vendor/jquery-migrate-1.2.1.min.js]
[stability.dan-fisher.dev/vendor/bootstrap.min.js]
[stability.dan-fisher.dev/vendor/headhesive.min.js]
[stability.dan-fisher.dev/vendor/fhmm.js]
[stability.dan-fisher.dev/vendor/jquery.flickrfeed.js]
[stability.dan-fisher.dev/vendor/isotope/isotope.pkgd.min.js]
[stability.dan-fisher.dev/vendor/isotope/jquery.imagesloaded.min.js]
[stability.dan-fisher.dev/vendor/magnific-popup/jquery.magnific-popup.js]
[stability.dan-fisher.dev/vendor/owl-carousel/owl.carousel.min.js]
[stability.dan-fisher.dev/vendor/jquery.fitvids.js]
[stability.dan-fisher.dev/vendor/jquery.appear.js]
[stability.dan-fisher.dev/vendor/jquery.stellar.min.js]
[stability.dan-fisher.dev/vendor/snap.svg-min.js]
[stability.dan-fisher.dev/vendor/mediaelement/mediaelement-and-player.min.js]
[stability.dan-fisher.dev/vendor/circliful/js/jquery.circliful.min.js]
[stability.dan-fisher.dev/js/custom.js]
[stability.dan-fisher.dev/vendor/rs-plugin/js/jquery.themepunch.tools.min.js]
[stability.dan-fisher.dev/vendor/rs-plugin/js/jquery.themepunch.revolution.min.js]
[stability.dan-fisher.dev/js/style-switcher.js]
[stability.dan-fisher.dev/index.html]
[stability.dan-fisher.dev/css/bootstrap.min.css]
[stability.dan-fisher.dev/css/fonts/font-awesome/fonts/fontawesome-webfonte0a5.eot]
[stability.dan-fisher.dev/css/fonts/font-awesome/fonts/fontawesome-webfontd41d.eot]
[stability.dan-fisher.dev/css/fonts/font-awesome/fonts/fontawesome-webfonte0a5.woff2]
[stability.dan-fisher.dev/css/fonts/font-awesome/fonts/fontawesome-webfonte0a5.woff]
[stability.dan-fisher.dev/css/fonts/font-awesome/fonts/fontawesome-webfonte0a5.ttf]
[stability.dan-fisher.dev/css/fonts/font-awesome/css/font-awesome.css]
[stability.dan-fisher.dev/vendor/owl-carousel/grabbing.png]
[stability.dan-fisher.dev/vendor/owl-carousel/owl.carousel.css]
[stability.dan-fisher.dev/vendor/owl-carousel/AjaxLoader.gif]
[stability.dan-fisher.dev/vendor/owl-carousel/owl.theme.css]
[stability.dan-fisher.dev/vendor/magnific-popup/magnific-popup.css]
[stability.dan-fisher.dev/vendor/mediaelement/assets/bigplay.png]
[stability.dan-fisher.dev/vendor/mediaelement/assets/background.png]
[stability.dan-fisher.dev/vendor/mediaelement/assets/loading.gif]
[stability.dan-fisher.dev/vendor/mediaelement/assets/controls.png]
[stability.dan-fisher.dev/vendor/mediaelement/mediaelementplayer.css]
[stability.dan-fisher.dev/vendor/rs-plugin/images/gradient/g30.png]
[stability.dan-fisher.dev/vendor/rs-plugin/images/gradient/g40.png]
[stability.dan-fisher.dev/vendor/rs-plugin/assets/shadow1.png]
[stability.dan-fisher.dev/vendor/rs-plugin/assets/shadow2.png]
[stability.dan-fisher.dev/vendor/rs-plugin/assets/shadow3.png]
[stability.dan-fisher.dev/vendor/rs-plugin/assets/gridtile.png]
[stability.dan-fisher.dev/vendor/rs-plugin/assets/gridtile_white.png]
[stability.dan-fisher.dev/vendor/rs-plugin/assets/gridtile_3x3.png]
[stability.dan-fisher.dev/vendor/rs-plugin/assets/gridtile_3x3_white.png]
[stability.dan-fisher.dev/vendor/rs-plugin/assets/boxed_bgtile.png]
[stability.dan-fisher.dev/vendor/rs-plugin/assets/navigdots_bgtile.png]
[stability.dan-fisher.dev/vendor/rs-plugin/assets/bullet.png]
[stability.dan-fisher.dev/vendor/rs-plugin/assets/bullets.png]
[stability.dan-fisher.dev/vendor/rs-plugin/assets/bullets2.png]
[stability.dan-fisher.dev/vendor/rs-plugin/assets/bullet_boxed.png]
[stability.dan-fisher.dev/vendor/rs-plugin/assets/navigdots.png]
[stability.dan-fisher.dev/vendor/rs-plugin/assets/large_left.png]
[stability.dan-fisher.dev/vendor/rs-plugin/assets/large_right.png]
[stability.dan-fisher.dev/vendor/rs-plugin/assets/small_left.png]
[stability.dan-fisher.dev/vendor/rs-plugin/assets/small_right.png]
[stability.dan-fisher.dev/vendor/rs-plugin/assets/arrow_left.png]
[stability.dan-fisher.dev/vendor/rs-plugin/assets/arrow_right.png]
[stability.dan-fisher.dev/vendor/rs-plugin/assets/small_left_boxed.png]
[stability.dan-fisher.dev/vendor/rs-plugin/assets/small_right_boxed.png]
[stability.dan-fisher.dev/vendor/rs-plugin/assets/arrowleft.png]
[stability.dan-fisher.dev/vendor/rs-plugin/assets/arrowright.png]
[stability.dan-fisher.dev/vendor/rs-plugin/assets/arrow_left2.png]
[stability.dan-fisher.dev/vendor/rs-plugin/assets/arrow_right2.png]
[stability.dan-fisher.dev/vendor/rs-plugin/assets/timer.png]
[stability.dan-fisher.dev/vendor/rs-plugin/assets/coloredbg.png]
[stability.dan-fisher.dev/vendor/rs-plugin/assets/loader.gif]
[stability.dan-fisher.dev/vendor/rs-plugin/font/revicons90c6.eot]
[stability.dan-fisher.dev/vendor/rs-plugin/font/revicons90c6.woff]
[stability.dan-fisher.dev/vendor/rs-plugin/font/revicons90c6.ttf]
[stability.dan-fisher.dev/vendor/rs-plugin/css/settings.css]
[stability.dan-fisher.dev/vendor/circliful/css/jquery.circliful.css]
[stability.dan-fisher.dev/css/fonts/star.eot]
[stability.dan-fisher.dev/css/fonts/stard41d.eot]
[stability.dan-fisher.dev/css/fonts/star.woff]
[stability.dan-fisher.dev/css/fonts/star.ttf]
[stability.dan-fisher.dev/images/bg1.jpg]
[stability.dan-fisher.dev/images/samples/slide-bg-sm.jpg]
[stability.dan-fisher.dev/images/samples/bg2.jpg]
[stability.dan-fisher.dev/images/noise.png]
[stability.dan-fisher.dev/css/theme.css]
[stability.dan-fisher.dev/css/theme-elements.css]
[stability.dan-fisher.dev/css/animate.min.css]
[stability.dan-fisher.dev/css/skins/red.css]
[stability.dan-fisher.dev/css/custom.css]
[stability.dan-fisher.dev/images/samples/person1.png]
[stability.dan-fisher.dev/images/samples/person2.png]
[stability.dan-fisher.dev/images/samples/person3.png]
[stability.dan-fisher.dev/images/samples/work-img-1.jpg]
[stability.dan-fisher.dev/images/samples/work-img-2.jpg]
[stability.dan-fisher.dev/images/samples/work-img-3.jpg]
[stability.dan-fisher.dev/images/samples/work-img-4.jpg]
[stability.dan-fisher.dev/images/samples/work-img-5.jpg]
[stability.dan-fisher.dev/images/samples/work-img-6.jpg]
[stability.dan-fisher.dev/images/samples/work-img-7.jpg]
[stability.dan-fisher.dev/images/samples/work-img-8.jpg]
[stability.dan-fisher.dev/index-v2.html]
[stability.dan-fisher.dev/images/samples/person4.png]
[stability.dan-fisher.dev/index-v3.html]
[stability.dan-fisher.dev/shop-login.html]
[stability.dan-fisher.dev/index-v4.html]
[stability.dan-fisher.dev/images/samples/work-img-md-1.jpg]
[stability.dan-fisher.dev/images/samples/work-img-lg-1.jpg]
[stability.dan-fisher.dev/images/samples/work-img-md-2.jpg]
[stability.dan-fisher.dev/images/samples/work-img-lg-2.jpg]
[stability.dan-fisher.dev/images/samples/work-img-md-3.jpg]
[stability.dan-fisher.dev/images/samples/work-img-lg-3.jpg]
[stability.dan-fisher.dev/images/samples/work-img-md-4.jpg]
[stability.dan-fisher.dev/images/samples/work-img-lg-4.jpg]
[stability.dan-fisher.dev/images/samples/work-img-md-5.jpg]
[stability.dan-fisher.dev/images/samples/work-img-lg-5.jpg]
[stability.dan-fisher.dev/images/samples/work-img-md-6.jpg]
[stability.dan-fisher.dev/images/samples/work-img-lg-6.jpg]
[stability.dan-fisher.dev/index-v5.html]
[stability.dan-fisher.dev/images/samples/work-img-md-7.jpg]
[stability.dan-fisher.dev/images/samples/work-img-md-8.jpg]
[stability.dan-fisher.dev/images/samples/work-img-md-9.jpg]
[stability.dan-fisher.dev/index-v6.html]
[stability.dan-fisher.dev/vendor/royalslider/jquery.royalslider.min.js]
[stability.dan-fisher.dev/vendor/royalslider/jquery.easing-1.3.js]
[stability.dan-fisher.dev/index-v7.html]
[stability.dan-fisher.dev/images/samples/slide1-m.jpg]
[stability.dan-fisher.dev/images/samples/slide2-m.jpg]
[stability.dan-fisher.dev/images/samples/slide3-m.jpg]
[stability.dan-fisher.dev/images/samples/slide2-sm.jpg]
[stability.dan-fisher.dev/images/samples/slide3-sm.jpg]
[stability.dan-fisher.dev/images/samples/post-img-n1.jpg]
[stability.dan-fisher.dev/images/samples/post-img-n2.jpg]
[stability.dan-fisher.dev/images/samples/post-img-n3.jpg]
[stability.dan-fisher.dev/index-v8.html]
[stability.dan-fisher.dev/images/samples/thumb1-n.jpg]
[stability.dan-fisher.dev/images/samples/thumb2-n.jpg]
[stability.dan-fisher.dev/images/samples/thumb3-n.jpg]
[stability.dan-fisher.dev/index-v9.html]
[stability.dan-fisher.dev/images/samples/blog-img-sm1.jpg]
[stability.dan-fisher.dev/images/samples/blog-img-sm2.jpg]
[stability.dan-fisher.dev/images/samples/blog-img-sm3.jpg]
[stability.dan-fisher.dev/images/samples/blog-img-sm4.jpg]
[stability.dan-fisher.dev/index-v10.html]
[stability.dan-fisher.dev/images/samples/woman-img.png]
[stability.dan-fisher.dev/images/samples/img1.jpg]
[stability.dan-fisher.dev/index-v11.html]
[stability.dan-fisher.dev/index-v12.html]
[stability.dan-fisher.dev/index-v13.html]
[stability.dan-fisher.dev/images/samples/team-member-1.jpg]
[stability.dan-fisher.dev/images/samples/team-member-2.jpg]
[stability.dan-fisher.dev/images/samples/team-member-3.jpg]
[stability.dan-fisher.dev/images/samples/team-member-4.jpg]
[stability.dan-fisher.dev/vendor/jquery.easing.1.3.js]
[stability.dan-fisher.dev/vendor/jquery.scrollTo.min.js]
[stability.dan-fisher.dev/vendor/jquery.queryloader2.js]
[stability.dan-fisher.dev/js/one-page.js]
[stability.dan-fisher.dev/vendor/jquery.validate.js]
[stability.dan-fisher.dev/js/contact.js]
[stability.dan-fisher.dev/vendor/jquery.gmap3.min.js]
[stability.dan-fisher.dev/index-one-page.html]
[stability.dan-fisher.dev/images/samples/shape-img1.jpg]
[stability.dan-fisher.dev/images/samples/shape-img2.jpg]
[stability.dan-fisher.dev/images/samples/shape-img3.jpg]
[stability.dan-fisher.dev/images/samples/shape-img4.jpg]
[stability.dan-fisher.dev/features-shortcodes.html]
[stability.dan-fisher.dev/features-pricing-tables.html]
[stability.dan-fisher.dev/features-typography.html]
[stability.dan-fisher.dev/features-columns.html]
[stability.dan-fisher.dev/features-icons.html]
[stability.dan-fisher.dev/images/samples/img2.jpg]
[stability.dan-fisher.dev/page-about.html]
[stability.dan-fisher.dev/images/samples/img4.jpg]
[stability.dan-fisher.dev/page-services.html]
[stability.dan-fisher.dev/page-team.html]
[stability.dan-fisher.dev/images/samples/team-member-lg.jpg]
[stability.dan-fisher.dev/page-team-member.html]
[stability.dan-fisher.dev/page-faqs.html]
[stability.dan-fisher.dev/images/samples/img3.jpg]
[stability.dan-fisher.dev/page-fullwidth.html]
[stability.dan-fisher.dev/page-left-sidebar.html]
[stability.dan-fisher.dev/page-right-sidebar.html]
[stability.dan-fisher.dev/page-404.html]
[stability.dan-fisher.dev/vendor/countdown/jquery.knob.js]
[stability.dan-fisher.dev/vendor/countdown/countdown.js]
[stability.dan-fisher.dev/vendor/countdown/ext.js]
[stability.dan-fisher.dev/page-coming-soon.html]
[stability.dan-fisher.dev/images/samples/product1.jpg]
[stability.dan-fisher.dev/images/samples/product2.jpg]
[stability.dan-fisher.dev/images/samples/product3.jpg]
[stability.dan-fisher.dev/images/samples/product4.jpg]
[stability.dan-fisher.dev/shop-fullwidth.html]
[stability.dan-fisher.dev/shop-sidebar.html]
[stability.dan-fisher.dev/images/samples/avatar1.png]
[stability.dan-fisher.dev/images/samples/avatar2.png]
[stability.dan-fisher.dev/images/samples/avatar3.png]
[stability.dan-fisher.dev/shop-product-fullwidth.html]
[stability.dan-fisher.dev/images/samples/product1-tall.jpg]
[stability.dan-fisher.dev/shop-product-sidebar.html]
[stability.dan-fisher.dev/images/samples/product1-sm.jpg]
[stability.dan-fisher.dev/images/samples/product2-sm.jpg]
[stability.dan-fisher.dev/images/samples/product3-sm.jpg]
[stability.dan-fisher.dev/shop-cart.html]
[stability.dan-fisher.dev/shop-checkout.html]
[stability.dan-fisher.dev/forum-list.html]
[stability.dan-fisher.dev/images/samples/avatar1-lg.jpg]
[stability.dan-fisher.dev/images/samples/avatar2-lg.jpg]
[stability.dan-fisher.dev/images/samples/avatar3-lg.jpg]
[stability.dan-fisher.dev/images/samples/avatar4-lg.jpg]
[stability.dan-fisher.dev/images/samples/avatar5-lg.jpg]
[stability.dan-fisher.dev/forum-single-topic.html]
[stability.dan-fisher.dev/forum-profile.html]
[stability.dan-fisher.dev/images/samples/slide1.jpg]
[stability.dan-fisher.dev/images/samples/slide2.jpg]
[stability.dan-fisher.dev/vendor/layerslider/js/greensock.js]
[stability.dan-fisher.dev/vendor/layerslider/js/layerslider.transitions.js]
[stability.dan-fisher.dev/vendor/layerslider/js/layerslider.kreaturamedia.jquery.js]
[stability.dan-fisher.dev/index-slider-layerslider.html]
[stability.dan-fisher.dev/images/samples/banner.jpg]
[stability.dan-fisher.dev/index-header-2.html]
[stability.dan-fisher.dev/index-header-3.html]
[stability.dan-fisher.dev/index-header-4.html]
[stability.dan-fisher.dev/index-header-5.html]
[stability.dan-fisher.dev/index-header-6.html]
[stability.dan-fisher.dev/index-header-7.html]
[stability.dan-fisher.dev/index-footer-2.html]
[stability.dan-fisher.dev/index-footer-3.html]
[stability.dan-fisher.dev/index-footer-4.html]
[stability.dan-fisher.dev/index-footer-5.html]
[stability.dan-fisher.dev/page-header-search.html]
[stability.dan-fisher.dev/page-header-image.html]
[stability.dan-fisher.dev/page-header-parallax.html]
[stability.dan-fisher.dev/images/samples/title-slide1.jpg]
[stability.dan-fisher.dev/images/samples/title-slide2.jpg]
[stability.dan-fisher.dev/page-header-slideshow.html]
[stability.dan-fisher.dev/portfolio-2cols.html]
[stability.dan-fisher.dev/portfolio-3cols.html]
[stability.dan-fisher.dev/portfolio-4cols.html]
[stability.dan-fisher.dev/portfolio-fullw.html]
[stability.dan-fisher.dev/portfolio-timeline.html]
[stability.dan-fisher.dev/images/samples/work-img-single-1.jpg]
[stability.dan-fisher.dev/images/samples/work-img-single-2.jpg]
[stability.dan-fisher.dev/images/samples/work-img-single-3.jpg]
[stability.dan-fisher.dev/portfolio-single.html]
[stability.dan-fisher.dev/images/samples/poster.png]
[stability.dan-fisher.dev/blog-large-image.html]
[stability.dan-fisher.dev/blog-medium-image.html]
[stability.dan-fisher.dev/blog-fullwidth.html]
[stability.dan-fisher.dev/blog-timeline.html]
[stability.dan-fisher.dev/blog-masonry.html]
[stability.dan-fisher.dev/blog-masonry-sidebar.html]
[stability.dan-fisher.dev/blog-post.html]
[stability.dan-fisher.dev/blog-post-image.html]
[stability.dan-fisher.dev/blog-post-gallery.html]
[stability.dan-fisher.dev/blog-post-video.html]
[stability.dan-fisher.dev/blog-post-video-selfhosted.html]
[stability.dan-fisher.dev/blog-post-audio.html]
[stability.dan-fisher.dev/blog-post-audio-selfhosted.html]
[stability.dan-fisher.dev/blog-post-link.html]
[stability.dan-fisher.dev/blog-post-quote.html]
[stability.dan-fisher.dev/contacts.html]
[stability.dan-fisher.dev/images/patterns/binding_dark.png]
[stability.dan-fisher.dev/images/patterns/brickwall.png]
[stability.dan-fisher.dev/images/patterns/cream_pixels.png]
[stability.dan-fisher.dev/images/patterns/grey_wash_wall.png]
[stability.dan-fisher.dev/images/patterns/greyzz.png]
[stability.dan-fisher.dev/images/patterns/mooning.png]
[stability.dan-fisher.dev/images/patterns/p5.png]
[stability.dan-fisher.dev/images/patterns/retina_wood.png]
[stability.dan-fisher.dev/images/patterns/shattered.png]
[stability.dan-fisher.dev/images/patterns/sos.png]
[stability.dan-fisher.dev/images/patterns/squared_metal.png]
[stability.dan-fisher.dev/images/patterns/subtle_grunge.png]
[stability.dan-fisher.dev/css/style-switcher.css]
[stability.dan-fisher.dev/index-boxed.html]
[stability.dan-fisher.dev/fonts/glyphicons-halflings-regular.html]
[stability.dan-fisher.dev/fonts/glyphicons-halflings-regulard41d.html]
[stability.dan-fisher.dev/fonts/glyphicons-halflings-regular-2.html]
[stability.dan-fisher.dev/fonts/glyphicons-halflings-regular-3.html]
[stability.dan-fisher.dev/fonts/glyphicons-halflings-regular-4.html]
[stability.dan-fisher.dev/css/fonts/font-awesome/fonts/fontawesome-webfonte0a5.svg]
[stability.dan-fisher.dev/vendor/mediaelement/assets/bigplay.svg]
[stability.dan-fisher.dev/vendor/mediaelement/assets/controls.svg]
[stability.dan-fisher.dev/vendor/rs-plugin/font/revicons90c6.svg]
[stability.dan-fisher.dev/css/fonts/star.svg]
[stability.dan-fisher.dev/images/triangle.svg]
[stability.dan-fisher.dev/vendor/royalslider/grab.png]
[stability.dan-fisher.dev/vendor/royalslider/grabbing.png]
[stability.dan-fisher.dev/vendor/royalslider/blank.gif]
[stability.dan-fisher.dev/vendor/royalslider/royalslider.css]
[stability.dan-fisher.dev/vendor/royalslider/skins/minimal-white/rs-minimal-white.png]
[stability.dan-fisher.dev/vendor/royalslider/skins/preloaders/preloader.gif]
[stability.dan-fisher.dev/vendor/royalslider/skins/minimal-white/rs-minimal-white.css]
[stability.dan-fisher.dev/vendor/layerslider/css/blank.gif]
[stability.dan-fisher.dev/vendor/layerslider/css/layerslider.css]
